2025-06-25 05:32:55,278 - INFO - generated new fontManager
2025-06-25 05:32:56,917 - INFO - Iniciando experimentos...
2025-06-25 05:32:56,918 - INFO - Gerando dados: tamanho=10000, tipo=exponencial
2025-06-25 05:32:56,919 - INFO - Gerando 10000 pontuações com distribuição exponencial
2025-06-25 05:32:56,923 - INFO - Distribuição gerada - Min: 0, Max: 8172, Média: 977.0
2025-06-25 05:32:56,924 - INFO - Gerando dados: tamanho=10000, tipo=quase_ordenado
2025-06-25 05:32:56,925 - INFO - Gerando 10000 pontuações quase ordenadas
2025-06-25 05:32:56,929 - INFO - Dados quase ordenados gerados com 1000 perturbações
2025-06-25 05:32:56,930 - INFO - Gerando dados: tamanho=100000, tipo=exponencial
2025-06-25 05:32:56,931 - INFO - Gerando 100000 pontuações com distribuição exponencial
2025-06-25 05:32:56,963 - INFO - Distribuição gerada - Min: 0, Max: 10000, Média: 1003.4
2025-06-25 05:32:56,970 - INFO - Gerando dados: tamanho=100000, tipo=quase_ordenado
2025-06-25 05:32:56,970 - INFO - Gerando 100000 pontuações quase ordenadas
2025-06-25 05:32:57,004 - INFO - Dados quase ordenados gerados com 10000 perturbações
2025-06-25 05:32:57,006 - INFO - Executando experimento fatorial...
2025-06-25 05:32:57,006 - INFO - Iniciando experimento fatorial completo
2025-06-25 05:32:57,007 - INFO - Experimento 1/8 (12.5%)
2025-06-25 05:32:57,008 - INFO - Testando Merge Sort com 10000_exponencial
2025-06-25 05:32:57,010 - INFO - Iniciando benchmark: Merge Sort com 10000 elementos
2025-06-25 05:32:58,507 - INFO - Benchmark concluído: 0.0586s ± 0.0003s
2025-06-25 05:32:58,508 - INFO - Experimento 2/8 (25.0%)
2025-06-25 05:32:58,509 - INFO - Testando Quick Sort com 10000_exponencial
2025-06-25 05:32:58,510 - INFO - Iniciando benchmark: Quick Sort com 10000 elementos
2025-06-25 05:32:59,881 - INFO - Benchmark concluído: 0.0473s ± 0.0004s
2025-06-25 05:32:59,882 - INFO - Experimento 3/8 (37.5%)
2025-06-25 05:32:59,883 - INFO - Testando Merge Sort com 10000_quase_ordenado
2025-06-25 05:32:59,884 - INFO - Iniciando benchmark: Merge Sort com 10000 elementos
2025-06-25 05:33:01,336 - INFO - Benchmark concluído: 0.0554s ± 0.0005s
2025-06-25 05:33:01,337 - INFO - Experimento 4/8 (50.0%)
2025-06-25 05:33:01,338 - INFO - Testando Quick Sort com 10000_quase_ordenado
2025-06-25 05:33:01,338 - INFO - Iniciando benchmark: Quick Sort com 10000 elementos
2025-06-25 05:33:02,788 - INFO - Benchmark concluído: 0.0550s ± 0.0004s
2025-06-25 05:33:02,789 - INFO - Experimento 5/8 (62.5%)
2025-06-25 05:33:02,790 - INFO - Testando Merge Sort com 100000_exponencial
2025-06-25 05:33:02,791 - INFO - Iniciando benchmark: Merge Sort com 100000 elementos
2025-06-25 05:33:10,888 - INFO - Benchmark concluído: 0.7005s ± 0.0033s
2025-06-25 05:33:10,889 - INFO - Experimento 6/8 (75.0%)
2025-06-25 05:33:10,889 - INFO - Testando Quick Sort com 100000_exponencial
2025-06-25 05:33:10,890 - INFO - Iniciando benchmark: Quick Sort com 100000 elementos
2025-06-25 05:33:23,108 - INFO - Benchmark concluído: 1.1050s ± 0.0064s
2025-06-25 05:33:23,109 - INFO - Experimento 7/8 (87.5%)
2025-06-25 05:33:23,110 - INFO - Testando Merge Sort com 100000_quase_ordenado
2025-06-25 05:33:23,111 - INFO - Iniciando benchmark: Merge Sort com 100000 elementos
2025-06-25 05:33:31,074 - INFO - Benchmark concluído: 0.6866s ± 0.0113s
2025-06-25 05:33:31,075 - INFO - Experimento 8/8 (100.0%)
2025-06-25 05:33:31,075 - INFO - Testando Quick Sort com 100000_quase_ordenado
2025-06-25 05:33:31,076 - INFO - Iniciando benchmark: Quick Sort com 100000 elementos
2025-06-25 05:33:40,195 - INFO - Benchmark concluído: 0.7989s ± 0.0129s
2025-06-25 05:33:40,199 - INFO - Experimento fatorial concluído
2025-06-25 05:33:40,215 - INFO - Salvando resultados...
2025-06-25 05:33:40,226 - INFO - Resultados salvos em: data/resultados_experimento.json
2025-06-25 05:33:40,235 - INFO - Resultados salvos em: data/resultados_experimento.csv
2025-06-25 05:33:40,239 - ERROR - Erro ao salvar resultados: No module named 'openpyxl'
2025-06-25 05:42:01,010 - INFO - generated new fontManager
2025-06-25 05:42:02,850 - INFO - Iniciando experimentos...
2025-06-25 05:42:02,851 - INFO - Gerando dados: tamanho=10000, tipo=exponencial
2025-06-25 05:42:02,852 - INFO - Gerando 10000 pontuações com distribuição exponencial
2025-06-25 05:42:02,856 - INFO - Distribuição gerada - Min: 0, Max: 8172, Média: 977.0
2025-06-25 05:42:02,858 - INFO - Gerando dados: tamanho=10000, tipo=quase_ordenado
2025-06-25 05:42:02,858 - INFO - Gerando 10000 pontuações quase ordenadas
2025-06-25 05:42:02,863 - INFO - Dados quase ordenados gerados com 1000 perturbações
2025-06-25 05:42:02,864 - INFO - Gerando dados: tamanho=100000, tipo=exponencial
2025-06-25 05:42:02,865 - INFO - Gerando 100000 pontuações com distribuição exponencial
2025-06-25 05:42:02,901 - INFO - Distribuição gerada - Min: 0, Max: 10000, Média: 1003.4
2025-06-25 05:42:02,908 - INFO - Gerando dados: tamanho=100000, tipo=quase_ordenado
2025-06-25 05:42:02,909 - INFO - Gerando 100000 pontuações quase ordenadas
2025-06-25 05:42:02,945 - INFO - Dados quase ordenados gerados com 10000 perturbações
2025-06-25 05:42:02,946 - INFO - Executando experimento fatorial...
2025-06-25 05:42:02,947 - INFO - Iniciando experimento fatorial completo
2025-06-25 05:42:02,947 - INFO - Experimento 1/8 (12.5%)
2025-06-25 05:42:02,948 - INFO - Testando Merge Sort com 10000_exponencial
2025-06-25 05:42:02,949 - INFO - Iniciando benchmark: Merge Sort com 10000 elementos
2025-06-25 05:42:04,528 - INFO - Benchmark concluído: 0.0591s ± 0.0005s
2025-06-25 05:42:04,529 - INFO - Experimento 2/8 (25.0%)
2025-06-25 05:42:04,530 - INFO - Testando Quick Sort com 10000_exponencial
2025-06-25 05:42:04,530 - INFO - Iniciando benchmark: Quick Sort com 10000 elementos
2025-06-25 05:42:06,055 - INFO - Benchmark concluído: 0.0496s ± 0.0016s
2025-06-25 05:42:06,056 - INFO - Experimento 3/8 (37.5%)
2025-06-25 05:42:06,056 - INFO - Testando Merge Sort com 10000_quase_ordenado
2025-06-25 05:42:06,057 - INFO - Iniciando benchmark: Merge Sort com 10000 elementos
2025-06-25 05:42:07,634 - INFO - Benchmark concluído: 0.0576s ± 0.0024s
2025-06-25 05:42:07,635 - INFO - Experimento 4/8 (50.0%)
2025-06-25 05:42:07,635 - INFO - Testando Quick Sort com 10000_quase_ordenado
2025-06-25 05:42:07,636 - INFO - Iniciando benchmark: Quick Sort com 10000 elementos
2025-06-25 05:42:09,276 - INFO - Benchmark concluído: 0.0570s ± 0.0028s
2025-06-25 05:42:09,277 - INFO - Experimento 5/8 (62.5%)
2025-06-25 05:42:09,277 - INFO - Testando Merge Sort com 100000_exponencial
2025-06-25 05:42:09,278 - INFO - Iniciando benchmark: Merge Sort com 100000 elementos
2025-06-25 05:42:17,897 - INFO - Benchmark concluído: 0.7348s ± 0.0212s
2025-06-25 05:42:17,898 - INFO - Experimento 6/8 (75.0%)
2025-06-25 05:42:17,898 - INFO - Testando Quick Sort com 100000_exponencial
2025-06-25 05:42:17,899 - INFO - Iniciando benchmark: Quick Sort com 100000 elementos
2025-06-25 05:42:30,505 - INFO - Benchmark concluído: 1.1322s ± 0.0188s
2025-06-25 05:42:30,507 - INFO - Experimento 7/8 (87.5%)
2025-06-25 05:42:30,508 - INFO - Testando Merge Sort com 100000_quase_ordenado
2025-06-25 05:42:30,509 - INFO - Iniciando benchmark: Merge Sort com 100000 elementos
2025-06-25 05:42:38,452 - INFO - Benchmark concluído: 0.6797s ± 0.0077s
2025-06-25 05:42:38,452 - INFO - Experimento 8/8 (100.0%)
2025-06-25 05:42:38,454 - INFO - Testando Quick Sort com 100000_quase_ordenado
2025-06-25 05:42:38,454 - INFO - Iniciando benchmark: Quick Sort com 100000 elementos
2025-06-25 05:42:47,648 - INFO - Benchmark concluído: 0.8040s ± 0.0201s
2025-06-25 05:42:47,653 - INFO - Experimento fatorial concluído
2025-06-25 05:42:47,676 - INFO - Salvando resultados...
2025-06-25 05:42:47,685 - INFO - Resultados salvos em: data/resultados_experimento.json
2025-06-25 05:42:47,696 - INFO - Resultados salvos em: data/resultados_experimento.csv
2025-06-25 05:42:47,945 - INFO - Resultados salvos em: data/resultados_experimento.xlsx
2025-06-25 05:42:47,951 - INFO - Resultados salvos em: data/relatorio_estatistico.json
2025-06-25 05:42:47,951 - INFO - Executando análise estatística...
2025-06-25 05:42:47,952 - INFO - Iniciando análise estatística dos resultados
2025-06-25 05:42:47,973 - INFO - Análise estatística concluída
2025-06-25 05:42:47,974 - INFO - Gerando visualizações...
2025-06-25 05:42:47,975 - INFO - Inicializando gerador de gráficos...
2025-06-25 05:42:47,976 - INFO - Gerando todas as visualizações
2025-06-25 05:42:49,152 - INFO - Gráfico de barras comparativo salvo
2025-06-25 05:42:51,683 - INFO - Box plots salvos
2025-06-25 05:42:54,531 - INFO - Heatmap de correlação salvo
2025-06-25 05:42:57,682 - INFO - Gráfico de distribuição dos tempos salvo
2025-06-25 05:48:24,206 - INFO - generated new fontManager
2025-06-25 05:48:26,041 - INFO - Iniciando experimentos...
2025-06-25 05:48:26,042 - INFO - Gerando dados: tamanho=10000, tipo=exponencial
2025-06-25 05:48:26,043 - INFO - Gerando 10000 pontuações com distribuição exponencial
2025-06-25 05:48:26,047 - INFO - Distribuição gerada - Min: 0, Max: 8172, Média: 977.0
2025-06-25 05:48:26,048 - INFO - Gerando dados: tamanho=10000, tipo=quase_ordenado
2025-06-25 05:48:26,049 - INFO - Gerando 10000 pontuações quase ordenadas
2025-06-25 05:48:26,053 - INFO - Dados quase ordenados gerados com 1000 perturbações
2025-06-25 05:48:26,054 - INFO - Gerando dados: tamanho=100000, tipo=exponencial
2025-06-25 05:48:26,054 - INFO - Gerando 100000 pontuações com distribuição exponencial
2025-06-25 05:48:26,085 - INFO - Distribuição gerada - Min: 0, Max: 10000, Média: 1003.4
2025-06-25 05:48:26,093 - INFO - Gerando dados: tamanho=100000, tipo=quase_ordenado
2025-06-25 05:48:26,093 - INFO - Gerando 100000 pontuações quase ordenadas
2025-06-25 05:48:26,127 - INFO - Dados quase ordenados gerados com 10000 perturbações
2025-06-25 05:48:26,128 - INFO - Executando experimento fatorial...
2025-06-25 05:48:26,129 - INFO - Iniciando experimento fatorial completo
2025-06-25 05:48:26,130 - INFO - Experimento 1/8 (12.5%)
2025-06-25 05:48:26,131 - INFO - Testando Merge Sort com 10000_exponencial
2025-06-25 05:48:26,132 - INFO - Iniciando benchmark: Merge Sort com 10000 elementos
2025-06-25 05:48:27,679 - INFO - Benchmark concluído: 0.0597s ± 0.0013s
2025-06-25 05:48:27,680 - INFO - Experimento 2/8 (25.0%)
2025-06-25 05:48:27,681 - INFO - Testando Quick Sort com 10000_exponencial
2025-06-25 05:48:27,682 - INFO - Iniciando benchmark: Quick Sort com 10000 elementos
2025-06-25 05:48:29,107 - INFO - Benchmark concluído: 0.0484s ± 0.0017s
2025-06-25 05:48:29,107 - INFO - Experimento 3/8 (37.5%)
2025-06-25 05:48:29,108 - INFO - Testando Merge Sort com 10000_quase_ordenado
2025-06-25 05:48:29,109 - INFO - Iniciando benchmark: Merge Sort com 10000 elementos
2025-06-25 05:48:30,617 - INFO - Benchmark concluído: 0.0559s ± 0.0013s
2025-06-25 05:48:30,618 - INFO - Experimento 4/8 (50.0%)
2025-06-25 05:48:30,618 - INFO - Testando Quick Sort com 10000_quase_ordenado
2025-06-25 05:48:30,619 - INFO - Iniciando benchmark: Quick Sort com 10000 elementos
2025-06-25 05:48:32,200 - INFO - Benchmark concluído: 0.0564s ± 0.0015s
2025-06-25 05:48:32,201 - INFO - Experimento 5/8 (62.5%)
2025-06-25 05:48:32,201 - INFO - Testando Merge Sort com 100000_exponencial
2025-06-25 05:48:32,202 - INFO - Iniciando benchmark: Merge Sort com 100000 elementos
2025-06-25 05:48:40,679 - INFO - Benchmark concluído: 0.7252s ± 0.0195s
2025-06-25 05:48:40,680 - INFO - Experimento 6/8 (75.0%)
2025-06-25 05:48:40,681 - INFO - Testando Quick Sort com 100000_exponencial
2025-06-25 05:48:40,681 - INFO - Iniciando benchmark: Quick Sort com 100000 elementos
2025-06-25 05:48:53,210 - INFO - Benchmark concluído: 1.1331s ± 0.0178s
2025-06-25 05:48:53,211 - INFO - Experimento 7/8 (87.5%)
2025-06-25 05:48:53,212 - INFO - Testando Merge Sort com 100000_quase_ordenado
2025-06-25 05:48:53,212 - INFO - Iniciando benchmark: Merge Sort com 100000 elementos
2025-06-25 05:49:01,136 - INFO - Benchmark concluído: 0.6798s ± 0.0129s
2025-06-25 05:49:01,137 - INFO - Experimento 8/8 (100.0%)
2025-06-25 05:49:01,137 - INFO - Testando Quick Sort com 100000_quase_ordenado
2025-06-25 05:49:01,138 - INFO - Iniciando benchmark: Quick Sort com 100000 elementos
2025-06-25 05:49:10,390 - INFO - Benchmark concluído: 0.8130s ± 0.0131s
2025-06-25 05:49:10,393 - INFO - Experimento fatorial concluído
2025-06-25 05:49:10,410 - INFO - Salvando resultados...
2025-06-25 05:49:10,418 - INFO - Resultados salvos em: data/resultados_experimento.json
2025-06-25 05:49:10,427 - INFO - Resultados salvos em: data/resultados_experimento.csv
2025-06-25 05:49:10,680 - INFO - Resultados salvos em: data/resultados_experimento.xlsx
2025-06-25 05:49:10,686 - INFO - Resultados salvos em: data/relatorio_estatistico.json
2025-06-25 05:49:10,687 - INFO - Executando análise estatística...
2025-06-25 05:49:10,687 - INFO - Iniciando análise estatística dos resultados
2025-06-25 05:49:10,707 - INFO - Análise estatística concluída
2025-06-25 05:49:10,708 - INFO - Gerando visualizações...
2025-06-25 05:49:10,709 - INFO - Inicializando gerador de gráficos...
2025-06-25 05:49:10,711 - INFO - Gerando todas as visualizações
2025-06-25 05:49:11,878 - INFO - Gráfico de barras comparativo salvo
2025-06-25 05:49:14,361 - INFO - Box plots salvos
2025-06-25 05:49:17,269 - INFO - Heatmap de correlação salvo
2025-06-25 05:49:20,328 - INFO - Gráfico de distribuição dos tempos salvo
2025-06-25 05:50:31,216 - INFO - generated new fontManager
2025-06-25 05:50:33,106 - INFO - Iniciando experimentos...
2025-06-25 05:50:33,107 - INFO - Gerando dados: tamanho=10000, tipo=exponencial
2025-06-25 05:50:33,108 - INFO - Gerando 10000 pontuações com distribuição exponencial
2025-06-25 05:50:33,112 - INFO - Distribuição gerada - Min: 0, Max: 8172, Média: 977.0
2025-06-25 05:50:33,114 - INFO - Gerando dados: tamanho=10000, tipo=quase_ordenado
2025-06-25 05:50:33,115 - INFO - Gerando 10000 pontuações quase ordenadas
2025-06-25 05:50:33,119 - INFO - Dados quase ordenados gerados com 1000 perturbações
2025-06-25 05:50:33,120 - INFO - Gerando dados: tamanho=100000, tipo=exponencial
2025-06-25 05:50:33,120 - INFO - Gerando 100000 pontuações com distribuição exponencial
2025-06-25 05:50:33,153 - INFO - Distribuição gerada - Min: 0, Max: 10000, Média: 1003.4
2025-06-25 05:50:33,161 - INFO - Gerando dados: tamanho=100000, tipo=quase_ordenado
2025-06-25 05:50:33,162 - INFO - Gerando 100000 pontuações quase ordenadas
2025-06-25 05:50:33,199 - INFO - Dados quase ordenados gerados com 10000 perturbações
2025-06-25 05:50:33,200 - INFO - Executando experimento fatorial...
2025-06-25 05:50:33,201 - INFO - Iniciando experimento fatorial completo
2025-06-25 05:50:33,201 - INFO - Experimento 1/8 (12.5%)
2025-06-25 05:50:33,202 - INFO - Testando Merge Sort com 10000_exponencial
2025-06-25 05:50:33,203 - INFO - Iniciando benchmark: Merge Sort com 10000 elementos
2025-06-25 05:50:34,758 - INFO - Benchmark concluído: 0.0606s ± 0.0024s
2025-06-25 05:50:34,759 - INFO - Experimento 2/8 (25.0%)
2025-06-25 05:50:34,759 - INFO - Testando Quick Sort com 10000_exponencial
2025-06-25 05:50:34,760 - INFO - Iniciando benchmark: Quick Sort com 10000 elementos
2025-06-25 05:50:36,218 - INFO - Benchmark concluído: 0.0507s ± 0.0041s
2025-06-25 05:50:36,219 - INFO - Experimento 3/8 (37.5%)
2025-06-25 05:50:36,219 - INFO - Testando Merge Sort com 10000_quase_ordenado
2025-06-25 05:50:36,220 - INFO - Iniciando benchmark: Merge Sort com 10000 elementos
2025-06-25 05:50:37,722 - INFO - Benchmark concluído: 0.0564s ± 0.0007s
2025-06-25 05:50:37,722 - INFO - Experimento 4/8 (50.0%)
2025-06-25 05:50:37,723 - INFO - Testando Quick Sort com 10000_quase_ordenado
2025-06-25 05:50:37,724 - INFO - Iniciando benchmark: Quick Sort com 10000 elementos
2025-06-25 05:50:39,230 - INFO - Benchmark concluído: 0.0574s ± 0.0008s
2025-06-25 05:50:39,230 - INFO - Experimento 5/8 (62.5%)
2025-06-25 05:50:39,231 - INFO - Testando Merge Sort com 100000_exponencial
2025-06-25 05:50:39,232 - INFO - Iniciando benchmark: Merge Sort com 100000 elementos
2025-06-25 05:50:47,710 - INFO - Benchmark concluído: 0.7269s ± 0.0148s
2025-06-25 05:50:47,710 - INFO - Experimento 6/8 (75.0%)
2025-06-25 05:50:47,711 - INFO - Testando Quick Sort com 100000_exponencial
2025-06-25 05:50:47,712 - INFO - Iniciando benchmark: Quick Sort com 100000 elementos
2025-06-25 05:51:00,269 - INFO - Benchmark concluído: 1.1370s ± 0.0153s
2025-06-25 05:51:00,270 - INFO - Experimento 7/8 (87.5%)
2025-06-25 05:51:00,271 - INFO - Testando Merge Sort com 100000_quase_ordenado
2025-06-25 05:51:00,271 - INFO - Iniciando benchmark: Merge Sort com 100000 elementos
2025-06-25 05:51:08,078 - INFO - Benchmark concluído: 0.6694s ± 0.0025s
2025-06-25 05:51:08,079 - INFO - Experimento 8/8 (100.0%)
2025-06-25 05:51:08,079 - INFO - Testando Quick Sort com 100000_quase_ordenado
2025-06-25 05:51:08,080 - INFO - Iniciando benchmark: Quick Sort com 100000 elementos
2025-06-25 05:51:17,312 - INFO - Benchmark concluído: 0.8125s ± 0.0071s
2025-06-25 05:51:17,315 - INFO - Experimento fatorial concluído
2025-06-25 05:51:17,332 - INFO - Salvando resultados...
2025-06-25 05:51:17,340 - INFO - Resultados salvos em: data/resultados_experimento.json
2025-06-25 05:51:17,352 - INFO - Resultados salvos em: data/resultados_experimento.csv
2025-06-25 05:51:17,600 - INFO - Resultados salvos em: data/resultados_experimento.xlsx
2025-06-25 05:51:17,606 - INFO - Resultados salvos em: data/relatorio_estatistico.json
2025-06-25 05:51:17,606 - INFO - Executando análise estatística...
2025-06-25 05:51:17,607 - INFO - Iniciando análise estatística dos resultados
2025-06-25 05:51:17,632 - INFO - Análise estatística concluída
2025-06-25 05:51:17,633 - INFO - Gerando visualizações...
2025-06-25 05:51:17,633 - INFO - Inicializando gerador de gráficos...
2025-06-25 05:51:17,635 - INFO - Gerando todas as visualizações
2025-06-25 05:51:18,811 - INFO - Gráfico de barras comparativo salvo
2025-06-25 05:51:21,408 - INFO - Box plots salvos
2025-06-25 05:51:24,193 - INFO - Heatmap de correlação salvo
2025-06-25 05:51:27,276 - INFO - Gráfico de distribuição dos tempos salvo
2025-06-25 05:53:57,742 - INFO - generated new fontManager
2025-06-25 05:53:59,701 - INFO - Iniciando experimentos...
2025-06-25 05:53:59,702 - INFO - Gerando dados: tamanho=10000, tipo=exponencial
2025-06-25 05:53:59,703 - INFO - Gerando 10000 pontuações com distribuição exponencial
2025-06-25 05:53:59,707 - INFO - Distribuição gerada - Min: 0, Max: 8172, Média: 977.0
2025-06-25 05:53:59,709 - INFO - Gerando dados: tamanho=10000, tipo=quase_ordenado
2025-06-25 05:53:59,709 - INFO - Gerando 10000 pontuações quase ordenadas
2025-06-25 05:53:59,715 - INFO - Dados quase ordenados gerados com 1000 perturbações
2025-06-25 05:53:59,716 - INFO - Gerando dados: tamanho=100000, tipo=exponencial
2025-06-25 05:53:59,716 - INFO - Gerando 100000 pontuações com distribuição exponencial
2025-06-25 05:53:59,750 - INFO - Distribuição gerada - Min: 0, Max: 10000, Média: 1003.4
2025-06-25 05:53:59,759 - INFO - Gerando dados: tamanho=100000, tipo=quase_ordenado
2025-06-25 05:53:59,760 - INFO - Gerando 100000 pontuações quase ordenadas
2025-06-25 05:53:59,804 - INFO - Dados quase ordenados gerados com 10000 perturbações
2025-06-25 05:53:59,805 - INFO - Executando experimento fatorial...
2025-06-25 05:53:59,806 - INFO - Iniciando experimento fatorial completo
2025-06-25 05:53:59,809 - INFO - Experimento 1/8 (12.5%)
2025-06-25 05:53:59,809 - INFO - Testando Merge Sort com 10000_exponencial
2025-06-25 05:53:59,811 - INFO - Iniciando benchmark: Merge Sort com 10000 elementos
2025-06-25 05:54:01,428 - INFO - Benchmark concluído: 0.0613s ± 0.0033s
2025-06-25 05:54:01,429 - INFO - Experimento 2/8 (25.0%)
2025-06-25 05:54:01,429 - INFO - Testando Quick Sort com 10000_exponencial
2025-06-25 05:54:01,430 - INFO - Iniciando benchmark: Quick Sort com 10000 elementos
2025-06-25 05:54:02,893 - INFO - Benchmark concluído: 0.0491s ± 0.0006s
2025-06-25 05:54:02,894 - INFO - Experimento 3/8 (37.5%)
2025-06-25 05:54:02,894 - INFO - Testando Merge Sort com 10000_quase_ordenado
2025-06-25 05:54:02,895 - INFO - Iniciando benchmark: Merge Sort com 10000 elementos
2025-06-25 05:54:04,450 - INFO - Benchmark concluído: 0.0585s ± 0.0043s
2025-06-25 05:54:04,451 - INFO - Experimento 4/8 (50.0%)
2025-06-25 05:54:04,451 - INFO - Testando Quick Sort com 10000_quase_ordenado
2025-06-25 05:54:04,452 - INFO - Iniciando benchmark: Quick Sort com 10000 elementos
2025-06-25 05:54:05,967 - INFO - Benchmark concluído: 0.0562s ± 0.0013s
2025-06-25 05:54:05,968 - INFO - Experimento 5/8 (62.5%)
2025-06-25 05:54:05,969 - INFO - Testando Merge Sort com 100000_exponencial
2025-06-25 05:54:05,969 - INFO - Iniciando benchmark: Merge Sort com 100000 elementos
2025-06-25 05:54:14,320 - INFO - Benchmark concluído: 0.7170s ± 0.0082s
2025-06-25 05:54:14,321 - INFO - Experimento 6/8 (75.0%)
2025-06-25 05:54:14,322 - INFO - Testando Quick Sort com 100000_exponencial
2025-06-25 05:54:14,322 - INFO - Iniciando benchmark: Quick Sort com 100000 elementos
2025-06-25 05:54:26,988 - INFO - Benchmark concluído: 1.1453s ± 0.0338s
2025-06-25 05:54:26,989 - INFO - Experimento 7/8 (87.5%)
2025-06-25 05:54:26,990 - INFO - Testando Merge Sort com 100000_quase_ordenado
2025-06-25 05:54:26,990 - INFO - Iniciando benchmark: Merge Sort com 100000 elementos
2025-06-25 05:54:35,422 - INFO - Benchmark concluído: 0.7115s ± 0.0405s
2025-06-25 05:54:35,423 - INFO - Experimento 8/8 (100.0%)
2025-06-25 05:54:35,424 - INFO - Testando Quick Sort com 100000_quase_ordenado
2025-06-25 05:54:35,424 - INFO - Iniciando benchmark: Quick Sort com 100000 elementos
2025-06-25 05:54:46,446 - INFO - Benchmark concluído: 0.9699s ± 0.0648s
2025-06-25 05:54:46,452 - INFO - Experimento fatorial concluído
2025-06-25 05:54:46,485 - INFO - Salvando resultados...
2025-06-25 05:54:46,497 - INFO - Resultados salvos em: data/resultados_experimento.json
2025-06-25 05:54:46,512 - INFO - Resultados salvos em: data/resultados_experimento.csv
2025-06-25 05:54:46,868 - INFO - Resultados salvos em: data/resultados_experimento.xlsx
2025-06-25 05:54:46,875 - INFO - Resultados salvos em: data/relatorio_estatistico.json
2025-06-25 05:54:46,876 - INFO - Executando análise estatística...
2025-06-25 05:54:46,877 - INFO - Iniciando análise estatística dos resultados
2025-06-25 05:54:46,904 - INFO - Análise estatística concluída
2025-06-25 05:54:46,905 - INFO - Gerando visualizações...
2025-06-25 05:54:46,906 - INFO - Inicializando gerador de gráficos...
2025-06-25 05:54:46,908 - INFO - Gerando todas as visualizações
2025-06-25 05:54:48,392 - INFO - Gráfico de barras comparativo salvo
2025-06-25 05:54:51,597 - INFO - Box plots salvos
2025-06-25 05:54:55,389 - INFO - Heatmap de correlação salvo
2025-06-25 05:54:58,710 - INFO - Gráfico de distribuição dos tempos salvo
2025-06-25 05:56:46,895 - INFO - generated new fontManager
2025-06-25 05:56:48,692 - INFO - Iniciando experimentos...
2025-06-25 05:56:48,693 - INFO - Gerando dados: tamanho=10000, tipo=exponencial
2025-06-25 05:56:48,694 - INFO - Gerando 10000 pontuações com distribuição exponencial
2025-06-25 05:56:48,698 - INFO - Distribuição gerada - Min: 0, Max: 8172, Média: 977.0
2025-06-25 05:56:48,699 - INFO - Gerando dados: tamanho=10000, tipo=quase_ordenado
2025-06-25 05:56:48,700 - INFO - Gerando 10000 pontuações quase ordenadas
2025-06-25 05:56:48,704 - INFO - Dados quase ordenados gerados com 1000 perturbações
2025-06-25 05:56:48,705 - INFO - Gerando dados: tamanho=100000, tipo=exponencial
2025-06-25 05:56:48,705 - INFO - Gerando 100000 pontuações com distribuição exponencial
2025-06-25 05:56:48,736 - INFO - Distribuição gerada - Min: 0, Max: 10000, Média: 1003.4
2025-06-25 05:56:48,745 - INFO - Gerando dados: tamanho=100000, tipo=quase_ordenado
2025-06-25 05:56:48,746 - INFO - Gerando 100000 pontuações quase ordenadas
2025-06-25 05:56:48,782 - INFO - Dados quase ordenados gerados com 10000 perturbações
2025-06-25 05:56:48,784 - INFO - Executando experimento fatorial...
2025-06-25 05:56:48,784 - INFO - Iniciando experimento fatorial completo
2025-06-25 05:56:48,785 - INFO - Experimento 1/8 (12.5%)
2025-06-25 05:56:48,786 - INFO - Testando Merge Sort com 10000_exponencial
2025-06-25 05:56:48,786 - INFO - Iniciando benchmark: Merge Sort com 10000 elementos
2025-06-25 05:56:50,368 - INFO - Benchmark concluído: 0.0614s ± 0.0035s
2025-06-25 05:56:50,369 - INFO - Experimento 2/8 (25.0%)
2025-06-25 05:56:50,369 - INFO - Testando Quick Sort com 10000_exponencial
2025-06-25 05:56:50,370 - INFO - Iniciando benchmark: Quick Sort com 10000 elementos
2025-06-25 05:56:51,778 - INFO - Benchmark concluído: 0.0479s ± 0.0007s
2025-06-25 05:56:51,779 - INFO - Experimento 3/8 (37.5%)
2025-06-25 05:56:51,780 - INFO - Testando Merge Sort com 10000_quase_ordenado
2025-06-25 05:56:51,780 - INFO - Iniciando benchmark: Merge Sort com 10000 elementos
2025-06-25 05:56:53,326 - INFO - Benchmark concluído: 0.0581s ± 0.0031s
2025-06-25 05:56:53,326 - INFO - Experimento 4/8 (50.0%)
2025-06-25 05:56:53,327 - INFO - Testando Quick Sort com 10000_quase_ordenado
2025-06-25 05:56:53,328 - INFO - Iniciando benchmark: Quick Sort com 10000 elementos
2025-06-25 05:56:54,967 - INFO - Benchmark concluído: 0.0586s ± 0.0029s
2025-06-25 05:56:54,967 - INFO - Experimento 5/8 (62.5%)
2025-06-25 05:56:54,968 - INFO - Testando Merge Sort com 100000_exponencial
2025-06-25 05:56:54,968 - INFO - Iniciando benchmark: Merge Sort com 100000 elementos
2025-06-25 05:57:03,529 - INFO - Benchmark concluído: 0.7322s ± 0.0109s
2025-06-25 05:57:03,530 - INFO - Experimento 6/8 (75.0%)
2025-06-25 05:57:03,531 - INFO - Testando Quick Sort com 100000_exponencial
2025-06-25 05:57:03,531 - INFO - Iniciando benchmark: Quick Sort com 100000 elementos
2025-06-25 05:57:16,294 - INFO - Benchmark concluído: 1.1570s ± 0.0205s
2025-06-25 05:57:16,295 - INFO - Experimento 7/8 (87.5%)
2025-06-25 05:57:16,296 - INFO - Testando Merge Sort com 100000_quase_ordenado
2025-06-25 05:57:16,297 - INFO - Iniciando benchmark: Merge Sort com 100000 elementos
2025-06-25 05:57:24,359 - INFO - Benchmark concluído: 0.6912s ± 0.0103s
2025-06-25 05:57:24,359 - INFO - Experimento 8/8 (100.0%)
2025-06-25 05:57:24,360 - INFO - Testando Quick Sort com 100000_quase_ordenado
2025-06-25 05:57:24,361 - INFO - Iniciando benchmark: Quick Sort com 100000 elementos
2025-06-25 05:57:33,607 - INFO - Benchmark concluído: 0.8106s ± 0.0160s
2025-06-25 05:57:33,610 - INFO - Experimento fatorial concluído
2025-06-25 05:57:33,630 - INFO - Salvando resultados...
2025-06-25 05:57:33,639 - INFO - Resultados salvos em: data/resultados_experimento.json
2025-06-25 05:57:33,649 - INFO - Resultados salvos em: data/resultados_experimento.csv
2025-06-25 05:57:33,903 - INFO - Resultados salvos em: data/resultados_experimento.xlsx
2025-06-25 05:57:33,910 - INFO - Resultados salvos em: data/relatorio_estatistico.json
2025-06-25 05:57:33,910 - INFO - Executando análise estatística...
2025-06-25 05:57:33,911 - INFO - Iniciando análise estatística dos resultados
2025-06-25 05:57:33,934 - INFO - Análise estatística concluída
2025-06-25 05:57:33,935 - INFO - Gerando visualizações...
2025-06-25 05:57:33,936 - INFO - Inicializando gerador de gráficos...
2025-06-25 05:57:33,937 - INFO - Gerando todas as visualizações
2025-06-25 05:57:35,495 - INFO - Gráfico de barras comparativo salvo
2025-06-25 05:57:38,113 - INFO - Box plots salvos
2025-06-25 05:57:40,080 - INFO - Gráfico de escalabilidade salvo
2025-06-25 05:57:43,163 - INFO - Heatmap de correlação salvo
2025-06-25 05:57:46,272 - INFO - Gráfico de distribuição dos tempos salvo
2025-06-25 05:57:47,977 - INFO - Gráfico de throughput salvo
2025-06-25 05:57:49,257 - INFO - Gráfico memória vs tempo salvo
2025-06-25 05:57:49,830 - INFO - Dashboard interativo salvo
2025-06-25 05:57:49,831 - INFO - Todas as visualizações foram geradas
2025-06-25 05:57:49,832 - INFO - Gerando relatório final...
2025-06-25 05:57:49,842 - INFO - Relatório salvo em: relatorio/artigo_cientifico.md
2025-06-25 05:57:49,866 - INFO - Resultados salvos em: data/info_sistema.json
2025-06-25 06:13:42,698 - INFO - generated new fontManager
2025-06-25 06:13:44,371 - INFO - Iniciando experimentos...
2025-06-25 06:13:44,372 - INFO - Gerando dados: tamanho=10000, tipo=exponencial
2025-06-25 06:13:44,373 - INFO - Gerando 10000 pontuações com distribuição exponencial
2025-06-25 06:13:44,377 - INFO - Distribuição gerada - Min: 0, Max: 8172, Média: 977.0
2025-06-25 06:13:44,378 - INFO - Gerando dados: tamanho=10000, tipo=quase_ordenado
2025-06-25 06:13:44,379 - INFO - Gerando 10000 pontuações quase ordenadas
2025-06-25 06:13:44,383 - INFO - Dados quase ordenados gerados com 1000 perturbações
2025-06-25 06:13:44,384 - INFO - Gerando dados: tamanho=100000, tipo=exponencial
2025-06-25 06:13:44,384 - INFO - Gerando 100000 pontuações com distribuição exponencial
2025-06-25 06:13:44,420 - INFO - Distribuição gerada - Min: 0, Max: 10000, Média: 1003.4
2025-06-25 06:13:44,428 - INFO - Gerando dados: tamanho=100000, tipo=quase_ordenado
2025-06-25 06:13:44,429 - INFO - Gerando 100000 pontuações quase ordenadas
2025-06-25 06:13:44,460 - INFO - Dados quase ordenados gerados com 10000 perturbações
2025-06-25 06:13:44,461 - INFO - Executando experimento fatorial...
2025-06-25 06:13:44,462 - INFO - Iniciando experimento fatorial completo
2025-06-25 06:13:44,462 - INFO - Experimento 1/8 (12.5%)
2025-06-25 06:13:44,463 - INFO - Testando Merge Sort com 10000_exponencial
2025-06-25 06:13:44,463 - INFO - Iniciando benchmark: Merge Sort com 10000 elementos
2025-06-25 06:13:46,036 - INFO - Benchmark concluído: 0.0622s ± 0.0045s
2025-06-25 06:13:46,036 - INFO - Experimento 2/8 (25.0%)
2025-06-25 06:13:46,037 - INFO - Testando Quick Sort com 10000_exponencial
2025-06-25 06:13:46,037 - INFO - Iniciando benchmark: Quick Sort com 10000 elementos
2025-06-25 06:13:47,504 - INFO - Benchmark concluído: 0.0486s ± 0.0022s
2025-06-25 06:13:47,504 - INFO - Experimento 3/8 (37.5%)
2025-06-25 06:13:47,505 - INFO - Testando Merge Sort com 10000_quase_ordenado
2025-06-25 06:13:47,506 - INFO - Iniciando benchmark: Merge Sort com 10000 elementos
2025-06-25 06:13:48,994 - INFO - Benchmark concluído: 0.0557s ± 0.0014s
2025-06-25 06:13:48,995 - INFO - Experimento 4/8 (50.0%)
2025-06-25 06:13:48,995 - INFO - Testando Quick Sort com 10000_quase_ordenado
2025-06-25 06:13:48,996 - INFO - Iniciando benchmark: Quick Sort com 10000 elementos
2025-06-25 06:13:50,491 - INFO - Benchmark concluído: 0.0558s ± 0.0017s
2025-06-25 06:13:50,491 - INFO - Experimento 5/8 (62.5%)
2025-06-25 06:13:50,492 - INFO - Testando Merge Sort com 100000_exponencial
2025-06-25 06:13:50,493 - INFO - Iniciando benchmark: Merge Sort com 100000 elementos
2025-06-25 06:13:58,917 - INFO - Benchmark concluído: 0.7234s ± 0.0157s
2025-06-25 06:13:58,918 - INFO - Experimento 6/8 (75.0%)
2025-06-25 06:13:58,919 - INFO - Testando Quick Sort com 100000_exponencial
2025-06-25 06:13:58,919 - INFO - Iniciando benchmark: Quick Sort com 100000 elementos
2025-06-25 06:14:11,338 - INFO - Benchmark concluído: 1.1249s ± 0.0099s
2025-06-25 06:14:11,339 - INFO - Experimento 7/8 (87.5%)
2025-06-25 06:14:11,339 - INFO - Testando Merge Sort com 100000_quase_ordenado
2025-06-25 06:14:11,340 - INFO - Iniciando benchmark: Merge Sort com 100000 elementos
2025-06-25 06:14:19,210 - INFO - Benchmark concluído: 0.6753s ± 0.0110s
2025-06-25 06:14:19,211 - INFO - Experimento 8/8 (100.0%)
2025-06-25 06:14:19,212 - INFO - Testando Quick Sort com 100000_quase_ordenado
2025-06-25 06:14:19,212 - INFO - Iniciando benchmark: Quick Sort com 100000 elementos
2025-06-25 06:14:28,450 - INFO - Benchmark concluído: 0.8114s ± 0.0151s
2025-06-25 06:14:28,453 - INFO - Experimento fatorial concluído
2025-06-25 06:14:28,476 - INFO - Salvando resultados...
2025-06-25 06:14:28,484 - INFO - Resultados salvos em: data/resultados_experimento.json
2025-06-25 06:14:28,505 - INFO - Resultados salvos em: data/resultados_experimento.csv
2025-06-25 06:14:28,861 - INFO - Resultados salvos em: data/resultados_experimento.xlsx
2025-06-25 06:14:28,868 - INFO - Resultados salvos em: data/relatorio_estatistico.json
2025-06-25 06:14:28,869 - INFO - Executando análise estatística...
2025-06-25 06:14:28,869 - INFO - Iniciando análise estatística dos resultados
2025-06-25 06:14:28,891 - INFO - Análise estatística concluída
2025-06-25 06:14:28,892 - INFO - Gerando visualizações...
2025-06-25 06:14:28,892 - INFO - Inicializando gerador de gráficos...
2025-06-25 06:14:28,894 - INFO - Gerando todas as visualizações
2025-06-25 06:14:30,436 - INFO - Gráfico de barras comparativo salvo
2025-06-25 06:14:33,175 - INFO - Box plots salvos
2025-06-25 06:14:35,253 - INFO - Gráfico de escalabilidade salvo
2025-06-25 06:14:38,600 - INFO - Heatmap de correlação salvo
2025-06-25 06:14:41,562 - INFO - Gráfico de distribuição dos tempos salvo
2025-06-25 06:14:43,163 - INFO - Gráfico de throughput salvo
2025-06-25 06:14:44,411 - INFO - Gráfico memória vs tempo salvo
2025-06-25 06:14:44,959 - INFO - Dashboard interativo salvo
2025-06-25 06:14:44,960 - INFO - Todas as visualizações foram geradas
2025-06-25 06:14:44,960 - INFO - Gerando relatório final...
2025-06-25 06:14:44,969 - INFO - Relatório salvo em: relatorio/artigo_cientifico.md
2025-06-25 06:14:44,987 - INFO - Resultados salvos em: data/info_sistema.json
2025-06-25 06:20:11,016 - INFO - generated new fontManager
2025-06-25 06:20:12,761 - INFO - Iniciando experimentos...
2025-06-25 06:20:12,762 - INFO - Gerando dados: tamanho=10000, tipo=exponencial
2025-06-25 06:20:12,765 - INFO - Gerando 10000 pontuações com distribuição exponencial
2025-06-25 06:20:12,773 - INFO - Distribuição gerada - Min: 0, Max: 8172, Média: 977.0
2025-06-25 06:20:12,775 - INFO - Gerando dados: tamanho=10000, tipo=quase_ordenado
2025-06-25 06:20:12,776 - INFO - Gerando 10000 pontuações quase ordenadas
2025-06-25 06:20:12,785 - INFO - Dados quase ordenados gerados com 1000 perturbações
2025-06-25 06:20:12,786 - INFO - Gerando dados: tamanho=100000, tipo=exponencial
2025-06-25 06:20:12,787 - INFO - Gerando 100000 pontuações com distribuição exponencial
2025-06-25 06:20:12,832 - INFO - Distribuição gerada - Min: 0, Max: 10000, Média: 1003.4
2025-06-25 06:20:12,842 - INFO - Gerando dados: tamanho=100000, tipo=quase_ordenado
2025-06-25 06:20:12,843 - INFO - Gerando 100000 pontuações quase ordenadas
2025-06-25 06:20:12,880 - INFO - Dados quase ordenados gerados com 10000 perturbações
2025-06-25 06:20:12,881 - INFO - Executando experimento fatorial...
2025-06-25 06:20:12,881 - INFO - Iniciando experimento fatorial completo
2025-06-25 06:20:12,882 - INFO - Experimento 1/8 (12.5%)
2025-06-25 06:20:12,882 - INFO - Testando Merge Sort com 10000_exponencial
2025-06-25 06:20:12,883 - INFO - Iniciando benchmark: Merge Sort com 10000 elementos
2025-06-25 06:20:14,476 - INFO - Benchmark concluído: 0.0616s ± 0.0026s
2025-06-25 06:20:14,476 - INFO - Experimento 2/8 (25.0%)
2025-06-25 06:20:14,477 - INFO - Testando Quick Sort com 10000_exponencial
2025-06-25 06:20:14,478 - INFO - Iniciando benchmark: Quick Sort com 10000 elementos
2025-06-25 06:20:15,972 - INFO - Benchmark concluído: 0.0499s ± 0.0029s
2025-06-25 06:20:15,973 - INFO - Experimento 3/8 (37.5%)
2025-06-25 06:20:15,973 - INFO - Testando Merge Sort com 10000_quase_ordenado
2025-06-25 06:20:15,974 - INFO - Iniciando benchmark: Merge Sort com 10000 elementos
2025-06-25 06:20:17,481 - INFO - Benchmark concluído: 0.0569s ± 0.0015s
2025-06-25 06:20:17,482 - INFO - Experimento 4/8 (50.0%)
2025-06-25 06:20:17,483 - INFO - Testando Quick Sort com 10000_quase_ordenado
2025-06-25 06:20:17,483 - INFO - Iniciando benchmark: Quick Sort com 10000 elementos
2025-06-25 06:20:18,998 - INFO - Benchmark concluído: 0.0572s ± 0.0033s
2025-06-25 06:20:18,999 - INFO - Experimento 5/8 (62.5%)
2025-06-25 06:20:18,999 - INFO - Testando Merge Sort com 100000_exponencial
2025-06-25 06:20:19,000 - INFO - Iniciando benchmark: Merge Sort com 100000 elementos
2025-06-25 06:20:27,416 - INFO - Benchmark concluído: 0.7226s ± 0.0082s
2025-06-25 06:20:27,416 - INFO - Experimento 6/8 (75.0%)
2025-06-25 06:20:27,417 - INFO - Testando Quick Sort com 100000_exponencial
2025-06-25 06:20:27,417 - INFO - Iniciando benchmark: Quick Sort com 100000 elementos
2025-06-25 06:20:39,907 - INFO - Benchmark concluído: 1.1291s ± 0.0131s
2025-06-25 06:20:39,908 - INFO - Experimento 7/8 (87.5%)
2025-06-25 06:20:39,908 - INFO - Testando Merge Sort com 100000_quase_ordenado
2025-06-25 06:20:39,909 - INFO - Iniciando benchmark: Merge Sort com 100000 elementos
2025-06-25 06:20:47,843 - INFO - Benchmark concluído: 0.6810s ± 0.0072s
2025-06-25 06:20:47,844 - INFO - Experimento 8/8 (100.0%)
2025-06-25 06:20:47,845 - INFO - Testando Quick Sort com 100000_quase_ordenado
2025-06-25 06:20:47,845 - INFO - Iniciando benchmark: Quick Sort com 100000 elementos
2025-06-25 06:20:57,023 - INFO - Benchmark concluído: 0.8054s ± 0.0098s
2025-06-25 06:20:57,027 - INFO - Experimento fatorial concluído
2025-06-25 06:20:57,044 - INFO - Salvando resultados...
2025-06-25 06:20:57,052 - INFO - Resultados salvos em: data/resultados_experimento.json
2025-06-25 06:20:57,061 - INFO - Resultados salvos em: data/resultados_experimento.csv
2025-06-25 06:20:57,304 - INFO - Resultados salvos em: data/resultados_experimento.xlsx
2025-06-25 06:20:57,310 - INFO - Resultados salvos em: data/relatorio_estatistico.json
2025-06-25 06:20:57,310 - INFO - Executando análise estatística...
2025-06-25 06:20:57,311 - INFO - Iniciando análise estatística dos resultados
2025-06-25 06:20:57,331 - INFO - Análise estatística concluída
2025-06-25 06:20:57,332 - INFO - Gerando visualizações...
2025-06-25 06:20:57,332 - INFO - Inicializando gerador de gráficos...
2025-06-25 06:20:57,334 - INFO - Gerando todas as visualizações
2025-06-25 06:20:58,791 - INFO - Gráfico de barras comparativo salvo
2025-06-25 06:21:01,446 - INFO - Box plots salvos
2025-06-25 06:21:03,522 - INFO - Gráfico de escalabilidade salvo
2025-06-25 06:21:06,657 - INFO - Heatmap de correlação salvo
2025-06-25 06:21:06,657 - WARNING - Colunas necessárias não encontradas para gráfico de interação
2025-06-25 06:21:09,646 - INFO - Gráfico de distribuição dos tempos salvo
2025-06-25 06:21:11,254 - INFO - Gráfico de throughput salvo
2025-06-25 06:21:12,463 - INFO - Gráfico memória vs tempo salvo
2025-06-25 06:21:12,910 - INFO - Dashboard interativo salvo
2025-06-25 06:21:14,081 - INFO - Relatório visual completo salvo
2025-06-25 06:21:14,082 - INFO - Todas as visualizações foram geradas
2025-06-25 06:21:14,082 - INFO - Gerando relatório final...
2025-06-25 06:21:14,092 - INFO - Relatório salvo em: relatorio/artigo_cientifico.md
2025-06-25 06:21:14,107 - INFO - Resultados salvos em: data/info_sistema.json
2025-06-25 06:38:35,143 - INFO - generated new fontManager
2025-06-25 06:38:36,849 - INFO - Iniciando experimentos...
2025-06-25 06:38:36,850 - INFO - Gerando dados: tamanho=10000, tipo=exponencial
2025-06-25 06:38:36,851 - INFO - Gerando 10000 pontuações com distribuição exponencial
2025-06-25 06:38:36,855 - INFO - Distribuição gerada - Min: 0, Max: 8172, Média: 977.0
2025-06-25 06:38:36,856 - INFO - Gerando dados: tamanho=10000, tipo=quase_ordenado
2025-06-25 06:38:36,857 - INFO - Gerando 10000 pontuações quase ordenadas
2025-06-25 06:38:36,861 - INFO - Dados quase ordenados gerados com 1000 perturbações
2025-06-25 06:38:36,861 - INFO - Gerando dados: tamanho=100000, tipo=exponencial
2025-06-25 06:38:36,862 - INFO - Gerando 100000 pontuações com distribuição exponencial
2025-06-25 06:38:36,896 - INFO - Distribuição gerada - Min: 0, Max: 10000, Média: 1003.4
2025-06-25 06:38:36,904 - INFO - Gerando dados: tamanho=100000, tipo=quase_ordenado
2025-06-25 06:38:36,905 - INFO - Gerando 100000 pontuações quase ordenadas
2025-06-25 06:38:36,943 - INFO - Dados quase ordenados gerados com 10000 perturbações
2025-06-25 06:38:36,944 - INFO - Executando experimento fatorial...
2025-06-25 06:38:36,945 - INFO - Iniciando experimento fatorial completo
2025-06-25 06:38:36,946 - INFO - Experimento 1/8 (12.5%)
2025-06-25 06:38:36,947 - INFO - Testando Merge Sort com 10000_exponencial
2025-06-25 06:38:36,947 - INFO - Iniciando benchmark: Merge Sort com 10000 elementos
2025-06-25 06:38:38,483 - INFO - Benchmark concluído: 0.0595s ± 0.0019s
2025-06-25 06:38:38,484 - INFO - Experimento 2/8 (25.0%)
2025-06-25 06:38:38,484 - INFO - Testando Quick Sort com 10000_exponencial
2025-06-25 06:38:38,485 - INFO - Iniciando benchmark: Quick Sort com 10000 elementos
2025-06-25 06:38:39,919 - INFO - Benchmark concluído: 0.0485s ± 0.0019s
2025-06-25 06:38:39,920 - INFO - Experimento 3/8 (37.5%)
2025-06-25 06:38:39,921 - INFO - Testando Merge Sort com 10000_quase_ordenado
2025-06-25 06:38:39,921 - INFO - Iniciando benchmark: Merge Sort com 10000 elementos
2025-06-25 06:38:41,414 - INFO - Benchmark concluído: 0.0569s ± 0.0026s
2025-06-25 06:38:41,414 - INFO - Experimento 4/8 (50.0%)
2025-06-25 06:38:41,415 - INFO - Testando Quick Sort com 10000_quase_ordenado
2025-06-25 06:38:41,415 - INFO - Iniciando benchmark: Quick Sort com 10000 elementos
2025-06-25 06:38:42,941 - INFO - Benchmark concluído: 0.0574s ± 0.0033s
2025-06-25 06:38:42,941 - INFO - Experimento 5/8 (62.5%)
2025-06-25 06:38:42,942 - INFO - Testando Merge Sort com 100000_exponencial
2025-06-25 06:38:42,943 - INFO - Iniciando benchmark: Merge Sort com 100000 elementos
2025-06-25 06:38:51,264 - INFO - Benchmark concluído: 0.7149s ± 0.0131s
2025-06-25 06:38:51,264 - INFO - Experimento 6/8 (75.0%)
2025-06-25 06:38:51,265 - INFO - Testando Quick Sort com 100000_exponencial
2025-06-25 06:38:51,266 - INFO - Iniciando benchmark: Quick Sort com 100000 elementos
2025-06-25 06:39:03,744 - INFO - Benchmark concluído: 1.1259s ± 0.0056s
2025-06-25 06:39:03,745 - INFO - Experimento 7/8 (87.5%)
2025-06-25 06:39:03,745 - INFO - Testando Merge Sort com 100000_quase_ordenado
2025-06-25 06:39:03,746 - INFO - Iniciando benchmark: Merge Sort com 100000 elementos
2025-06-25 06:39:11,634 - INFO - Benchmark concluído: 0.6781s ± 0.0123s
2025-06-25 06:39:11,635 - INFO - Experimento 8/8 (100.0%)
2025-06-25 06:39:11,636 - INFO - Testando Quick Sort com 100000_quase_ordenado
2025-06-25 06:39:11,636 - INFO - Iniciando benchmark: Quick Sort com 100000 elementos
2025-06-25 06:39:20,795 - INFO - Benchmark concluído: 0.8049s ± 0.0178s
2025-06-25 06:39:20,798 - INFO - Experimento fatorial concluído
2025-06-25 06:39:20,818 - INFO - Salvando resultados...
2025-06-25 06:39:20,827 - INFO - Resultados salvos em: data/resultados_experimento.json
2025-06-25 06:39:20,836 - INFO - Resultados salvos em: data/resultados_experimento.csv
2025-06-25 06:39:21,146 - INFO - Resultados salvos em: data/resultados_experimento.xlsx
2025-06-25 06:39:21,152 - INFO - Resultados salvos em: data/relatorio_estatistico.json
2025-06-25 06:39:21,152 - INFO - Executando análise estatística...
2025-06-25 06:39:21,153 - INFO - Iniciando análise estatística dos resultados
2025-06-25 06:39:21,175 - INFO - Análise estatística concluída
2025-06-25 06:39:21,176 - INFO - Gerando visualizações...
2025-06-25 06:39:21,177 - INFO - Inicializando gerador de gráficos...
2025-06-25 06:39:21,179 - INFO - Gerando todas as visualizações
2025-06-25 06:39:22,625 - INFO - Gráfico de barras comparativo salvo
2025-06-25 06:39:22,778 - INFO - Using categorical units to plot a list of strings that are all parsable as floats or dates. If these strings should be plotted as numbers, cast to the appropriate data type before plotting.
2025-06-25 06:39:22,789 - INFO - Using categorical units to plot a list of strings that are all parsable as floats or dates. If these strings should be plotted as numbers, cast to the appropriate data type before plotting.
2025-06-25 06:39:26,092 - INFO - Box plots salvos
2025-06-25 06:39:28,210 - INFO - Gráfico de escalabilidade salvo
2025-06-25 06:39:31,154 - INFO - Heatmap de correlação salvo
2025-06-25 06:39:32,810 - INFO - Gráfico de interação de fatores salvo
2025-06-25 06:39:35,739 - INFO - Gráfico de distribuição dos tempos salvo
2025-06-25 06:39:37,592 - INFO - Gráfico de throughput salvo
2025-06-25 06:39:38,877 - INFO - Gráfico memória vs tempo salvo
2025-06-25 06:39:39,250 - INFO - Dashboard interativo salvo
2025-06-25 06:39:40,513 - INFO - Relatório visual completo salvo
2025-06-25 06:39:40,514 - INFO - Todas as visualizações foram geradas
2025-06-25 06:39:40,514 - INFO - Gerando relatório final...
2025-06-25 06:39:40,524 - INFO - Relatório salvo em: relatorio/artigo_cientifico.md
2025-06-25 06:39:40,540 - INFO - Resultados salvos em: data/info_sistema.json
2025-06-25 06:55:47,509 - INFO - generated new fontManager
2025-06-25 06:55:49,783 - INFO - Iniciando experimentos...
2025-06-25 06:55:49,784 - INFO - Gerando dados: tamanho=10000, tipo=exponencial
2025-06-25 06:55:49,785 - INFO - Gerando 10000 pontuações com distribuição exponencial
2025-06-25 06:55:49,790 - INFO - Distribuição gerada - Min: 0, Max: 8172, Média: 977.0
2025-06-25 06:55:49,791 - INFO - Gerando dados: tamanho=10000, tipo=quase_ordenado
2025-06-25 06:55:49,792 - INFO - Gerando 10000 pontuações quase ordenadas
2025-06-25 06:55:49,796 - INFO - Dados quase ordenados gerados com 1000 perturbações
2025-06-25 06:55:49,797 - INFO - Gerando dados: tamanho=100000, tipo=exponencial
2025-06-25 06:55:49,798 - INFO - Gerando 100000 pontuações com distribuição exponencial
2025-06-25 06:55:49,836 - INFO - Distribuição gerada - Min: 0, Max: 10000, Média: 1003.4
2025-06-25 06:55:49,845 - INFO - Gerando dados: tamanho=100000, tipo=quase_ordenado
2025-06-25 06:55:49,846 - INFO - Gerando 100000 pontuações quase ordenadas
2025-06-25 06:55:49,886 - INFO - Dados quase ordenados gerados com 10000 perturbações
2025-06-25 06:55:49,887 - INFO - Executando experimento fatorial...
2025-06-25 06:55:49,888 - INFO - Iniciando experimento fatorial completo
2025-06-25 06:55:49,888 - INFO - Experimento 1/8 (12.5%)
2025-06-25 06:55:49,889 - INFO - Testando Merge Sort com 10000_exponencial
2025-06-25 06:55:49,890 - INFO - Iniciando benchmark: Merge Sort com 10000 elementos
2025-06-25 06:55:51,549 - INFO - Benchmark concluído: 0.0627s ± 0.0029s
2025-06-25 06:55:51,549 - INFO - Experimento 2/8 (25.0%)
2025-06-25 06:55:51,550 - INFO - Testando Quick Sort com 10000_exponencial
2025-06-25 06:55:51,550 - INFO - Iniciando benchmark: Quick Sort com 10000 elementos
2025-06-25 06:55:53,021 - INFO - Benchmark concluído: 0.0487s ± 0.0019s
2025-06-25 06:55:53,022 - INFO - Experimento 3/8 (37.5%)
2025-06-25 06:55:53,022 - INFO - Testando Merge Sort com 10000_quase_ordenado
2025-06-25 06:55:53,023 - INFO - Iniciando benchmark: Merge Sort com 10000 elementos
2025-06-25 06:55:54,571 - INFO - Benchmark concluído: 0.0567s ± 0.0012s
2025-06-25 06:55:54,572 - INFO - Experimento 4/8 (50.0%)
2025-06-25 06:55:54,572 - INFO - Testando Quick Sort com 10000_quase_ordenado
2025-06-25 06:55:54,573 - INFO - Iniciando benchmark: Quick Sort com 10000 elementos
2025-06-25 06:55:56,064 - INFO - Benchmark concluído: 0.0553s ± 0.0004s
2025-06-25 06:55:56,065 - INFO - Experimento 5/8 (62.5%)
2025-06-25 06:55:56,066 - INFO - Testando Merge Sort com 100000_exponencial
2025-06-25 06:55:56,066 - INFO - Iniciando benchmark: Merge Sort com 100000 elementos
2025-06-25 06:56:04,351 - INFO - Benchmark concluído: 0.7135s ± 0.0156s
2025-06-25 06:56:04,352 - INFO - Experimento 6/8 (75.0%)
2025-06-25 06:56:04,352 - INFO - Testando Quick Sort com 100000_exponencial
2025-06-25 06:56:04,353 - INFO - Iniciando benchmark: Quick Sort com 100000 elementos
